// Jest Snapshot v1, https://goo.gl/fbAQLP

exports[`getBabelLoader finds the babel loader options in "oneOf" array 1`] = `
{
  "include": "src",
  "loader": "babel",
  "options": {
    "plugins": [
      "test",
    ],
  },
}
`;

exports[`getBabelLoader finds the babel loader options in "oneOf" array for outside of app 1`] = `
{
  "exclude": "src",
  "loader": "babel",
  "options": {},
}
`;

exports[`getBabelLoader finds the babel loader options in a rule's "use" array 1`] = `
{
  "include": "src",
  "loader": "babel",
  "options": {
    "plugins": [
      "test",
    ],
  },
}
`;

exports[`getBabelLoader finds the babel loader options in a rule's "use" array for outside of app 1`] = `
{
  "exclude": "src",
  "loader": "babel",
  "options": {},
}
`;
